// Jest Snapshot v1, https://goo.gl/fbAQLP

exports[`<DashboardPage /> snapshot test should match snapshot 1`] = `
<span>
  ...loading page
</span>
`;
